// Jest Snapshot v1, https://goo.gl/fbAQLP

exports[`CostStack matches the snapshot 1`] = `
{
  "Parameters": {
    "BootstrapVersion": {
      "Default": "/cdk-bootstrap/hnb659fds/version",
      "Description": "Version of the CDK Bootstrap resources in this environment, automatically retrieved from SSM Parameter Store. [cdk:skip]",
      "Type": "AWS::SSM::Parameter::Value<String>",
    },
  },
  "Resources": {
    "AnomalyMonitor": {
      "Properties": {
        "MonitorDimension": "SERVICE",
        "MonitorName": "idp-anomaly-monitor-eu-west-1",
        "MonitorType": "DIMENSIONAL",
      },
      "Type": "AWS::CE::AnomalyMonitor",
    },
    "AnomalySubscription": {
      "Properties": {
        "Frequency": "DAILY",
        "MonitorArnList": [
          {
            "Fn::GetAtt": [
              "AnomalyMonitor",
              "MonitorArn",
            ],
          },
        ],
        "Subscribers": [
          {
            "Address": "test@example.com",
            "Type": "EMAIL",
          },
        ],
        "SubscriptionName": "idp-anomaly-subscription-eu-west-1",
        "ThresholdExpression": "{"Dimensions":{"Key":"ANOMALY_TOTAL_IMPACT_ABSOLUTE","MatchOptions":["GREATER_THAN_OR_EQUAL"],"Values":["1"]}}",
      },
      "Type": "AWS::CE::AnomalySubscription",
    },
    "Budget15USD": {
      "Properties": {
        "Budget": {
          "BudgetLimit": {
            "Amount": 15,
            "Unit": "USD",
          },
          "BudgetName": "idp-15usd-actual",
          "BudgetType": "COST",
          "CostFilters": {
            "TagKeyValue": [
              "user:Project$idp",
            ],
          },
          "TimeUnit": "MONTHLY",
        },
        "NotificationsWithSubscribers": [
          {
            "Notification": {
              "ComparisonOperator": "GREATER_THAN",
              "NotificationType": "ACTUAL",
              "Threshold": 100,
              "ThresholdType": "PERCENTAGE",
            },
            "Subscribers": [
              {
                "Address": "test@example.com",
                "SubscriptionType": "EMAIL",
              },
            ],
          },
        ],
      },
      "Type": "AWS::Budgets::Budget",
    },
    "Budget30USD": {
      "Properties": {
        "Budget": {
          "BudgetLimit": {
            "Amount": 30,
            "Unit": "USD",
          },
          "BudgetName": "idp-30usd-actual",
          "BudgetType": "COST",
          "CostFilters": {
            "TagKeyValue": [
              "user:Project$idp",
            ],
          },
          "TimeUnit": "MONTHLY",
        },
        "NotificationsWithSubscribers": [
          {
            "Notification": {
              "ComparisonOperator": "GREATER_THAN",
              "NotificationType": "ACTUAL",
              "Threshold": 100,
              "ThresholdType": "PERCENTAGE",
            },
            "Subscribers": [
              {
                "Address": "test@example.com",
                "SubscriptionType": "EMAIL",
              },
            ],
          },
        ],
      },
      "Type": "AWS::Budgets::Budget",
    },
    "Budget50USD": {
      "Properties": {
        "Budget": {
          "BudgetLimit": {
            "Amount": 50,
            "Unit": "USD",
          },
          "BudgetName": "idp-50usd-actual",
          "BudgetType": "COST",
          "CostFilters": {
            "TagKeyValue": [
              "user:Project$idp",
            ],
          },
          "TimeUnit": "MONTHLY",
        },
        "NotificationsWithSubscribers": [
          {
            "Notification": {
              "ComparisonOperator": "GREATER_THAN",
              "NotificationType": "ACTUAL",
              "Threshold": 100,
              "ThresholdType": "PERCENTAGE",
            },
            "Subscribers": [
              {
                "Address": "test@example.com",
                "SubscriptionType": "EMAIL",
              },
            ],
          },
        ],
      },
      "Type": "AWS::Budgets::Budget",
    },
    "Budget5USD": {
      "Properties": {
        "Budget": {
          "BudgetLimit": {
            "Amount": 5,
            "Unit": "USD",
          },
          "BudgetName": "idp-5usd-actual",
          "BudgetType": "COST",
          "CostFilters": {
            "TagKeyValue": [
              "user:Project$idp",
            ],
          },
          "TimeUnit": "MONTHLY",
        },
        "NotificationsWithSubscribers": [
          {
            "Notification": {
              "ComparisonOperator": "GREATER_THAN",
              "NotificationType": "ACTUAL",
              "Threshold": 100,
              "ThresholdType": "PERCENTAGE",
            },
            "Subscribers": [
              {
                "Address": "test@example.com",
                "SubscriptionType": "EMAIL",
              },
            ],
          },
        ],
      },
      "Type": "AWS::Budgets::Budget",
    },
  },
  "Rules": {
    "CheckBootstrapVersion": {
      "Assertions": [
        {
          "Assert": {
            "Fn::Not": [
              {
                "Fn::Contains": [
                  [
                    "1",
                    "2",
                    "3",
                    "4",
                    "5",
                  ],
                  {
                    "Ref": "BootstrapVersion",
                  },
                ],
              },
            ],
          },
          "AssertDescription": "CDK bootstrap stack version 6 required. Please run 'cdk bootstrap' with a recent version of the CDK CLI.",
        },
      ],
    },
  },
}
`;
