// Jest Snapshot v1, https://goo.gl/fbAQLP

exports[`IamStack matches the snapshot 1`] = `
{
  "Outputs": {
    "GitHubDeployRoleArn": {
      "Description": "ARN of the role that GitHub Actions assumes via OIDC federation. Wire this into aws-actions/configure-aws-credentials.",
      "Export": {
        "Name": "TestIamStack-GitHubDeployRoleArn",
      },
      "Value": {
        "Fn::GetAtt": [
          "GitHubDeployRoleED73FD64",
          "Arn",
        ],
      },
    },
    "GitHubOidcProviderArn": {
      "Description": "ARN of the GitHub OIDC identity provider",
      "Export": {
        "Name": "TestIamStack-GitHubOidcProviderArn",
      },
      "Value": {
        "Ref": "GitHubOidcProvider7EBF861F",
      },
    },
  },
  "Parameters": {
    "BootstrapVersion": {
      "Default": "/cdk-bootstrap/hnb659fds/version",
      "Description": "Version of the CDK Bootstrap resources in this environment, automatically retrieved from SSM Parameter Store. [cdk:skip]",
      "Type": "AWS::SSM::Parameter::Value<String>",
    },
  },
  "Resources": {
    "CustomAWSCDKOpenIdConnectProviderCustomResourceProviderHandlerF2C543E0": {
      "DependsOn": [
        "CustomAWSCDKOpenIdConnectProviderCustomResourceProviderRole517FED65",
      ],
      "Properties": {
        "Code": {
          "S3Bucket": "cdk-hnb659fds-assets-123456789012-eu-west-1",
          "S3Key": "c0d9f24649426c60a1bc01108070535a40353ae6cd8ceccb812969319b936e5d.zip",
        },
        "Handler": "__entrypoint__.handler",
        "MemorySize": 128,
        "Role": {
          "Fn::GetAtt": [
            "CustomAWSCDKOpenIdConnectProviderCustomResourceProviderRole517FED65",
            "Arn",
          ],
        },
        "Runtime": "nodejs24.x",
        "Timeout": 900,
      },
      "Type": "AWS::Lambda::Function",
    },
    "CustomAWSCDKOpenIdConnectProviderCustomResourceProviderRole517FED65": {
      "Properties": {
        "AssumeRolePolicyDocument": {
          "Statement": [
            {
              "Action": "sts:AssumeRole",
              "Effect": "Allow",
              "Principal": {
                "Service": "lambda.amazonaws.com",
              },
            },
          ],
          "Version": "2012-10-17",
        },
        "ManagedPolicyArns": [
          {
            "Fn::Sub": "arn:\${AWS::Partition}:iam::aws:policy/service-role/AWSLambdaBasicExecutionRole",
          },
        ],
        "Policies": [
          {
            "PolicyDocument": {
              "Statement": [
                {
                  "Action": [
                    "iam:CreateOpenIDConnectProvider",
                    "iam:DeleteOpenIDConnectProvider",
                    "iam:UpdateOpenIDConnectProviderThumbprint",
                    "iam:AddClientIDToOpenIDConnectProvider",
                    "iam:RemoveClientIDFromOpenIDConnectProvider",
                  ],
                  "Effect": "Allow",
                  "Resource": "*",
                },
              ],
              "Version": "2012-10-17",
            },
            "PolicyName": "Inline",
          },
        ],
      },
      "Type": "AWS::IAM::Role",
    },
    "GitHubDeployRoleDefaultPolicy26C27B56": {
      "Properties": {
        "PolicyDocument": {
          "Statement": [
            {
              "Action": "sts:AssumeRole",
              "Effect": "Allow",
              "Resource": [
                "arn:aws:iam::123456789012:role/cdk-hnb659fds-deploy-role-123456789012-eu-west-1",
                "arn:aws:iam::123456789012:role/cdk-hnb659fds-file-publishing-role-123456789012-eu-west-1",
                "arn:aws:iam::123456789012:role/cdk-hnb659fds-image-publishing-role-123456789012-eu-west-1",
                "arn:aws:iam::123456789012:role/cdk-hnb659fds-lookup-role-123456789012-eu-west-1",
              ],
            },
          ],
          "Version": "2012-10-17",
        },
        "PolicyName": "GitHubDeployRoleDefaultPolicy26C27B56",
        "Roles": [
          {
            "Ref": "GitHubDeployRoleED73FD64",
          },
        ],
      },
      "Type": "AWS::IAM::Policy",
    },
    "GitHubDeployRoleED73FD64": {
      "Properties": {
        "AssumeRolePolicyDocument": {
          "Statement": [
            {
              "Action": "sts:AssumeRoleWithWebIdentity",
              "Condition": {
                "StringEquals": {
                  "token.actions.githubusercontent.com:aud": "sts.amazonaws.com",
                },
                "StringLike": {
                  "token.actions.githubusercontent.com:sub": [
                    "repo:kelechi-nwankpa/internal-developer-platform:ref:refs/heads/main",
                  ],
                },
              },
              "Effect": "Allow",
              "Principal": {
                "Federated": {
                  "Ref": "GitHubOidcProvider7EBF861F",
                },
              },
            },
          ],
          "Version": "2012-10-17",
        },
        "Description": "Role for GitHub Actions in kelechi-nwankpa/internal-developer-platform to invoke cdk deploy. Trust scoped to allowed sub patterns.",
        "RoleName": "idp-github-deploy",
      },
      "Type": "AWS::IAM::Role",
    },
    "GitHubOidcProvider7EBF861F": {
      "DeletionPolicy": "Delete",
      "Properties": {
        "ClientIDList": [
          "sts.amazonaws.com",
        ],
        "CodeHash": "c0d9f24649426c60a1bc01108070535a40353ae6cd8ceccb812969319b936e5d",
        "RejectUnauthorized": false,
        "ServiceToken": {
          "Fn::GetAtt": [
            "CustomAWSCDKOpenIdConnectProviderCustomResourceProviderHandlerF2C543E0",
            "Arn",
          ],
        },
        "Url": "https://token.actions.githubusercontent.com",
      },
      "Type": "Custom::AWSCDKOpenIdConnectProvider",
      "UpdateReplacePolicy": "Delete",
    },
  },
  "Rules": {
    "CheckBootstrapVersion": {
      "Assertions": [
        {
          "Assert": {
            "Fn::Not": [
              {
                "Fn::Contains": [
                  [
                    "1",
                    "2",
                    "3",
                    "4",
                    "5",
                  ],
                  {
                    "Ref": "BootstrapVersion",
                  },
                ],
              },
            ],
          },
          "AssertDescription": "CDK bootstrap stack version 6 required. Please run 'cdk bootstrap' with a recent version of the CDK CLI.",
        },
      ],
    },
  },
}
`;
