// Jest Snapshot v1, https://goo.gl/fbAQLP

exports[`KmsStack matches the snapshot 1`] = `
{
  "Parameters": {
    "BootstrapVersion": {
      "Default": "/cdk-bootstrap/hnb659fds/version",
      "Description": "Version of the CDK Bootstrap resources in this environment, automatically retrieved from SSM Parameter Store. [cdk:skip]",
      "Type": "AWS::SSM::Parameter::Value<String>",
    },
  },
  "Resources": {
    "EcrKey4B86F249": {
      "DeletionPolicy": "Delete",
      "Properties": {
        "Description": "Encryption for ECR repository image layers",
        "EnableKeyRotation": true,
        "KeyPolicy": {
          "Statement": [
            {
              "Action": "kms:*",
              "Effect": "Allow",
              "Principal": {
                "AWS": {
                  "Fn::Join": [
                    "",
                    [
                      "arn:",
                      {
                        "Ref": "AWS::Partition",
                      },
                      ":iam::123456789012:root",
                    ],
                  ],
                },
              },
              "Resource": "*",
            },
          ],
          "Version": "2012-10-17",
        },
        "PendingWindowInDays": 7,
      },
      "Type": "AWS::KMS::Key",
      "UpdateReplacePolicy": "Delete",
    },
    "EcrKeyAliasC27F2663": {
      "Properties": {
        "AliasName": "alias/idp/ecr",
        "TargetKeyId": {
          "Fn::GetAtt": [
            "EcrKey4B86F249",
            "Arn",
          ],
        },
      },
      "Type": "AWS::KMS::Alias",
    },
    "EksSecretsKeyA7355DE3": {
      "DeletionPolicy": "Delete",
      "Properties": {
        "Description": "Envelope encryption for EKS Kubernetes Secrets",
        "EnableKeyRotation": true,
        "KeyPolicy": {
          "Statement": [
            {
              "Action": "kms:*",
              "Effect": "Allow",
              "Principal": {
                "AWS": {
                  "Fn::Join": [
                    "",
                    [
                      "arn:",
                      {
                        "Ref": "AWS::Partition",
                      },
                      ":iam::123456789012:root",
                    ],
                  ],
                },
              },
              "Resource": "*",
            },
          ],
          "Version": "2012-10-17",
        },
        "PendingWindowInDays": 7,
      },
      "Type": "AWS::KMS::Key",
      "UpdateReplacePolicy": "Delete",
    },
    "EksSecretsKeyAliasB4749214": {
      "Properties": {
        "AliasName": "alias/idp/eks-secrets",
        "TargetKeyId": {
          "Fn::GetAtt": [
            "EksSecretsKeyA7355DE3",
            "Arn",
          ],
        },
      },
      "Type": "AWS::KMS::Alias",
    },
    "LogsKeyA6AB43B2": {
      "DeletionPolicy": "Delete",
      "Properties": {
        "Description": "Encryption for CloudWatch log groups (VPC flow logs, EKS control plane logs, workload logs)",
        "EnableKeyRotation": true,
        "KeyPolicy": {
          "Statement": [
            {
              "Action": "kms:*",
              "Effect": "Allow",
              "Principal": {
                "AWS": {
                  "Fn::Join": [
                    "",
                    [
                      "arn:",
                      {
                        "Ref": "AWS::Partition",
                      },
                      ":iam::123456789012:root",
                    ],
                  ],
                },
              },
              "Resource": "*",
            },
          ],
          "Version": "2012-10-17",
        },
        "PendingWindowInDays": 7,
      },
      "Type": "AWS::KMS::Key",
      "UpdateReplacePolicy": "Delete",
    },
    "LogsKeyAliasEDDECDD8": {
      "Properties": {
        "AliasName": "alias/idp/logs",
        "TargetKeyId": {
          "Fn::GetAtt": [
            "LogsKeyA6AB43B2",
            "Arn",
          ],
        },
      },
      "Type": "AWS::KMS::Alias",
    },
  },
  "Rules": {
    "CheckBootstrapVersion": {
      "Assertions": [
        {
          "Assert": {
            "Fn::Not": [
              {
                "Fn::Contains": [
                  [
                    "1",
                    "2",
                    "3",
                    "4",
                    "5",
                  ],
                  {
                    "Ref": "BootstrapVersion",
                  },
                ],
              },
            ],
          },
          "AssertDescription": "CDK bootstrap stack version 6 required. Please run 'cdk bootstrap' with a recent version of the CDK CLI.",
        },
      ],
    },
  },
}
`;
