// Jest Snapshot v1, https://goo.gl/fbAQLP

exports[`RegistryStack matches the snapshot 1`] = `
{
  "Parameters": {
    "BootstrapVersion": {
      "Default": "/cdk-bootstrap/hnb659fds/version",
      "Description": "Version of the CDK Bootstrap resources in this environment, automatically retrieved from SSM Parameter Store. [cdk:skip]",
      "Type": "AWS::SSM::Parameter::Value<String>",
    },
  },
  "Resources": {
    "AppsRepo87FED3FF": {
      "DeletionPolicy": "Delete",
      "Properties": {
        "EmptyOnDelete": true,
        "EncryptionConfiguration": {
          "EncryptionType": "KMS",
          "KmsKey": {
            "Fn::ImportValue": "ScaffoldStack:ExportsOutputFnGetAttHarnessEcrKeyC89BEFFCArnCD5143DD",
          },
        },
        "ImageScanningConfiguration": {
          "ScanOnPush": true,
        },
        "ImageTagMutability": "IMMUTABLE",
        "LifecyclePolicy": {
          "LifecyclePolicyText": "{"rules":[{"rulePriority":1,"description":"Keep at most 10 untagged images","selection":{"tagStatus":"untagged","countType":"imageCountMoreThan","countNumber":10},"action":{"type":"expire"}},{"rulePriority":2,"description":"Delete any image older than 90 days","selection":{"tagStatus":"any","countType":"sinceImagePushed","countNumber":90,"countUnit":"days"},"action":{"type":"expire"}}]}",
        },
        "RepositoryName": "idp/apps",
      },
      "Type": "AWS::ECR::Repository",
      "UpdateReplacePolicy": "Delete",
    },
    "PlatformRepoE23A1155": {
      "DeletionPolicy": "Delete",
      "Properties": {
        "EmptyOnDelete": true,
        "EncryptionConfiguration": {
          "EncryptionType": "KMS",
          "KmsKey": {
            "Fn::ImportValue": "ScaffoldStack:ExportsOutputFnGetAttHarnessEcrKeyC89BEFFCArnCD5143DD",
          },
        },
        "ImageScanningConfiguration": {
          "ScanOnPush": true,
        },
        "ImageTagMutability": "IMMUTABLE",
        "LifecyclePolicy": {
          "LifecyclePolicyText": "{"rules":[{"rulePriority":1,"description":"Keep at most 10 untagged images","selection":{"tagStatus":"untagged","countType":"imageCountMoreThan","countNumber":10},"action":{"type":"expire"}},{"rulePriority":2,"description":"Delete any image older than 90 days","selection":{"tagStatus":"any","countType":"sinceImagePushed","countNumber":90,"countUnit":"days"},"action":{"type":"expire"}}]}",
        },
        "RepositoryName": "idp/platform",
      },
      "Type": "AWS::ECR::Repository",
      "UpdateReplacePolicy": "Delete",
    },
  },
  "Rules": {
    "CheckBootstrapVersion": {
      "Assertions": [
        {
          "Assert": {
            "Fn::Not": [
              {
                "Fn::Contains": [
                  [
                    "1",
                    "2",
                    "3",
                    "4",
                    "5",
                  ],
                  {
                    "Ref": "BootstrapVersion",
                  },
                ],
              },
            ],
          },
          "AssertDescription": "CDK bootstrap stack version 6 required. Please run 'cdk bootstrap' with a recent version of the CDK CLI.",
        },
      ],
    },
  },
}
`;
