// Jest Snapshot v1, https://goo.gl/fbAQLP

exports[`VpcStack matches the snapshot 1`] = `
{
  "Parameters": {
    "BootstrapVersion": {
      "Default": "/cdk-bootstrap/hnb659fds/version",
      "Description": "Version of the CDK Bootstrap resources in this environment, automatically retrieved from SSM Parameter Store. [cdk:skip]",
      "Type": "AWS::SSM::Parameter::Value<String>",
    },
  },
  "Resources": {
    "CustomVpcRestrictDefaultSGCustomResourceProviderHandlerDC833E5E": {
      "DependsOn": [
        "CustomVpcRestrictDefaultSGCustomResourceProviderRole26592FE0",
      ],
      "Properties": {
        "Code": {
          "S3Bucket": "cdk-hnb659fds-assets-123456789012-eu-west-1",
          "S3Key": "02b51ab524e7bcf8f477de3e71e5f9a72e448301b26ba62e9e75a14f9c55a093.zip",
        },
        "Description": "Lambda function for removing all inbound/outbound rules from the VPC default security group",
        "Handler": "__entrypoint__.handler",
        "MemorySize": 128,
        "Role": {
          "Fn::GetAtt": [
            "CustomVpcRestrictDefaultSGCustomResourceProviderRole26592FE0",
            "Arn",
          ],
        },
        "Runtime": "nodejs24.x",
        "Timeout": 900,
      },
      "Type": "AWS::Lambda::Function",
    },
    "CustomVpcRestrictDefaultSGCustomResourceProviderRole26592FE0": {
      "Properties": {
        "AssumeRolePolicyDocument": {
          "Statement": [
            {
              "Action": "sts:AssumeRole",
              "Effect": "Allow",
              "Principal": {
                "Service": "lambda.amazonaws.com",
              },
            },
          ],
          "Version": "2012-10-17",
        },
        "ManagedPolicyArns": [
          {
            "Fn::Sub": "arn:\${AWS::Partition}:iam::aws:policy/service-role/AWSLambdaBasicExecutionRole",
          },
        ],
        "Policies": [
          {
            "PolicyDocument": {
              "Statement": [
                {
                  "Action": [
                    "ec2:AuthorizeSecurityGroupIngress",
                    "ec2:AuthorizeSecurityGroupEgress",
                    "ec2:RevokeSecurityGroupIngress",
                    "ec2:RevokeSecurityGroupEgress",
                  ],
                  "Effect": "Allow",
                  "Resource": [
                    {
                      "Fn::Join": [
                        "",
                        [
                          "arn:",
                          {
                            "Ref": "AWS::Partition",
                          },
                          ":ec2:eu-west-1:123456789012:security-group/",
                          {
                            "Fn::GetAtt": [
                              "Vpc8378EB38",
                              "DefaultSecurityGroup",
                            ],
                          },
                        ],
                      ],
                    },
                  ],
                },
              ],
              "Version": "2012-10-17",
            },
            "PolicyName": "Inline",
          },
        ],
      },
      "Type": "AWS::IAM::Role",
    },
    "EndpointSecurityGroupF840B798": {
      "Properties": {
        "GroupDescription": "Ingress to VPC Interface endpoints from workloads in this VPC only",
        "SecurityGroupEgress": [
          {
            "CidrIp": "255.255.255.255/32",
            "Description": "Disallow all traffic",
            "FromPort": 252,
            "IpProtocol": "icmp",
            "ToPort": 86,
          },
        ],
        "SecurityGroupIngress": [
          {
            "CidrIp": "10.0.0.0/16",
            "Description": "HTTPS from workloads in the VPC",
            "FromPort": 443,
            "IpProtocol": "tcp",
            "ToPort": 443,
          },
        ],
        "VpcId": {
          "Ref": "Vpc8378EB38",
        },
      },
      "Type": "AWS::EC2::SecurityGroup",
    },
    "FlowLog3CB084E9": {
      "Properties": {
        "DeliverLogsPermissionArn": {
          "Fn::GetAtt": [
            "FlowLogRoleCB27E7DF",
            "Arn",
          ],
        },
        "LogDestinationType": "cloud-watch-logs",
        "LogGroupName": {
          "Ref": "FlowLogGroup3E25AA51",
        },
        "MaxAggregationInterval": 60,
        "ResourceId": {
          "Ref": "Vpc8378EB38",
        },
        "ResourceType": "VPC",
        "Tags": [
          {
            "Key": "Name",
            "Value": "TestVpcStack/FlowLog",
          },
        ],
        "TrafficType": "ALL",
      },
      "Type": "AWS::EC2::FlowLog",
    },
    "FlowLogGroup3E25AA51": {
      "DeletionPolicy": "Delete",
      "Properties": {
        "LogGroupName": "/aws/vpc/flow-logs/TestVpcStack",
        "RetentionInDays": 30,
      },
      "Type": "AWS::Logs::LogGroup",
      "UpdateReplacePolicy": "Delete",
    },
    "FlowLogRoleCB27E7DF": {
      "Properties": {
        "AssumeRolePolicyDocument": {
          "Statement": [
            {
              "Action": "sts:AssumeRole",
              "Effect": "Allow",
              "Principal": {
                "Service": "vpc-flow-logs.amazonaws.com",
              },
            },
          ],
          "Version": "2012-10-17",
        },
        "Description": "Delivers VPC Flow Logs to CloudWatch Logs",
      },
      "Type": "AWS::IAM::Role",
    },
    "FlowLogRoleDefaultPolicy9078999B": {
      "Properties": {
        "PolicyDocument": {
          "Statement": [
            {
              "Action": [
                "logs:CreateLogStream",
                "logs:PutLogEvents",
              ],
              "Effect": "Allow",
              "Resource": {
                "Fn::GetAtt": [
                  "FlowLogGroup3E25AA51",
                  "Arn",
                ],
              },
            },
            {
              "Action": [
                "logs:CreateLogStream",
                "logs:PutLogEvents",
                "logs:DescribeLogStreams",
              ],
              "Effect": "Allow",
              "Resource": {
                "Fn::GetAtt": [
                  "FlowLogGroup3E25AA51",
                  "Arn",
                ],
              },
            },
          ],
          "Version": "2012-10-17",
        },
        "PolicyName": "FlowLogRoleDefaultPolicy9078999B",
        "Roles": [
          {
            "Ref": "FlowLogRoleCB27E7DF",
          },
        ],
      },
      "Type": "AWS::IAM::Policy",
    },
    "Vpc8378EB38": {
      "Properties": {
        "CidrBlock": "10.0.0.0/16",
        "EnableDnsHostnames": true,
        "EnableDnsSupport": true,
        "InstanceTenancy": "default",
        "Tags": [
          {
            "Key": "Name",
            "Value": "TestVpcStack/Vpc",
          },
        ],
      },
      "Type": "AWS::EC2::VPC",
    },
    "VpcDynamoDbGatewayEndpointD3DE5D7F": {
      "Properties": {
        "RouteTableIds": [
          {
            "Ref": "VpcpublicSubnet1RouteTable15C15F8E",
          },
          {
            "Ref": "VpcpublicSubnet2RouteTableC5A6DF77",
          },
          {
            "Ref": "VpcpublicSubnet3RouteTable80517A9C",
          },
          {
            "Ref": "VpcprivateSubnet1RouteTable1979EACB",
          },
          {
            "Ref": "VpcprivateSubnet2RouteTable4D0FFC8C",
          },
          {
            "Ref": "VpcprivateSubnet3RouteTableAF0D9985",
          },
        ],
        "ServiceName": {
          "Fn::Join": [
            "",
            [
              "com.amazonaws.",
              {
                "Ref": "AWS::Region",
              },
              ".dynamodb",
            ],
          ],
        },
        "Tags": [
          {
            "Key": "Name",
            "Value": "TestVpcStack/Vpc",
          },
        ],
        "VpcEndpointType": "Gateway",
        "VpcId": {
          "Ref": "Vpc8378EB38",
        },
      },
      "Type": "AWS::EC2::VPCEndpoint",
    },
    "VpcEcrApiEndpoint25D60339": {
      "Properties": {
        "PrivateDnsEnabled": true,
        "SecurityGroupIds": [
          {
            "Fn::GetAtt": [
              "EndpointSecurityGroupF840B798",
              "GroupId",
            ],
          },
        ],
        "ServiceName": "com.amazonaws.eu-west-1.ecr.api",
        "SubnetIds": [
          {
            "Ref": "VpcprivateSubnet1SubnetCEAD3716",
          },
          {
            "Ref": "VpcprivateSubnet2Subnet2DE7549C",
          },
          {
            "Ref": "VpcprivateSubnet3SubnetA5AC68D9",
          },
        ],
        "Tags": [
          {
            "Key": "Name",
            "Value": "TestVpcStack/Vpc",
          },
        ],
        "VpcEndpointType": "Interface",
        "VpcId": {
          "Ref": "Vpc8378EB38",
        },
      },
      "Type": "AWS::EC2::VPCEndpoint",
    },
    "VpcEcrDkrEndpoint764F3A9A": {
      "Properties": {
        "PrivateDnsEnabled": true,
        "SecurityGroupIds": [
          {
            "Fn::GetAtt": [
              "EndpointSecurityGroupF840B798",
              "GroupId",
            ],
          },
        ],
        "ServiceName": "com.amazonaws.eu-west-1.ecr.dkr",
        "SubnetIds": [
          {
            "Ref": "VpcprivateSubnet1SubnetCEAD3716",
          },
          {
            "Ref": "VpcprivateSubnet2Subnet2DE7549C",
          },
          {
            "Ref": "VpcprivateSubnet3SubnetA5AC68D9",
          },
        ],
        "Tags": [
          {
            "Key": "Name",
            "Value": "TestVpcStack/Vpc",
          },
        ],
        "VpcEndpointType": "Interface",
        "VpcId": {
          "Ref": "Vpc8378EB38",
        },
      },
      "Type": "AWS::EC2::VPCEndpoint",
    },
    "VpcIGWD7BA715C": {
      "Properties": {
        "Tags": [
          {
            "Key": "Name",
            "Value": "TestVpcStack/Vpc",
          },
        ],
      },
      "Type": "AWS::EC2::InternetGateway",
    },
    "VpcKmsEndpoint9ED64100": {
      "Properties": {
        "PrivateDnsEnabled": true,
        "SecurityGroupIds": [
          {
            "Fn::GetAtt": [
              "EndpointSecurityGroupF840B798",
              "GroupId",
            ],
          },
        ],
        "ServiceName": "com.amazonaws.eu-west-1.kms",
        "SubnetIds": [
          {
            "Ref": "VpcprivateSubnet1SubnetCEAD3716",
          },
          {
            "Ref": "VpcprivateSubnet2Subnet2DE7549C",
          },
          {
            "Ref": "VpcprivateSubnet3SubnetA5AC68D9",
          },
        ],
        "Tags": [
          {
            "Key": "Name",
            "Value": "TestVpcStack/Vpc",
          },
        ],
        "VpcEndpointType": "Interface",
        "VpcId": {
          "Ref": "Vpc8378EB38",
        },
      },
      "Type": "AWS::EC2::VPCEndpoint",
    },
    "VpcLogsEndpointDA7F7E44": {
      "Properties": {
        "PrivateDnsEnabled": true,
        "SecurityGroupIds": [
          {
            "Fn::GetAtt": [
              "EndpointSecurityGroupF840B798",
              "GroupId",
            ],
          },
        ],
        "ServiceName": "com.amazonaws.eu-west-1.logs",
        "SubnetIds": [
          {
            "Ref": "VpcprivateSubnet1SubnetCEAD3716",
          },
          {
            "Ref": "VpcprivateSubnet2Subnet2DE7549C",
          },
          {
            "Ref": "VpcprivateSubnet3SubnetA5AC68D9",
          },
        ],
        "Tags": [
          {
            "Key": "Name",
            "Value": "TestVpcStack/Vpc",
          },
        ],
        "VpcEndpointType": "Interface",
        "VpcId": {
          "Ref": "Vpc8378EB38",
        },
      },
      "Type": "AWS::EC2::VPCEndpoint",
    },
    "VpcRestrictDefaultSecurityGroupCustomResourceC73DA2BE": {
      "DeletionPolicy": "Delete",
      "Properties": {
        "Account": "123456789012",
        "DefaultSecurityGroupId": {
          "Fn::GetAtt": [
            "Vpc8378EB38",
            "DefaultSecurityGroup",
          ],
        },
        "ServiceToken": {
          "Fn::GetAtt": [
            "CustomVpcRestrictDefaultSGCustomResourceProviderHandlerDC833E5E",
            "Arn",
          ],
        },
      },
      "Type": "Custom::VpcRestrictDefaultSG",
      "UpdateReplacePolicy": "Delete",
    },
    "VpcS3GatewayEndpoint68BA86CD": {
      "Properties": {
        "RouteTableIds": [
          {
            "Ref": "VpcpublicSubnet1RouteTable15C15F8E",
          },
          {
            "Ref": "VpcpublicSubnet2RouteTableC5A6DF77",
          },
          {
            "Ref": "VpcpublicSubnet3RouteTable80517A9C",
          },
          {
            "Ref": "VpcprivateSubnet1RouteTable1979EACB",
          },
          {
            "Ref": "VpcprivateSubnet2RouteTable4D0FFC8C",
          },
          {
            "Ref": "VpcprivateSubnet3RouteTableAF0D9985",
          },
        ],
        "ServiceName": {
          "Fn::Join": [
            "",
            [
              "com.amazonaws.",
              {
                "Ref": "AWS::Region",
              },
              ".s3",
            ],
          ],
        },
        "Tags": [
          {
            "Key": "Name",
            "Value": "TestVpcStack/Vpc",
          },
        ],
        "VpcEndpointType": "Gateway",
        "VpcId": {
          "Ref": "Vpc8378EB38",
        },
      },
      "Type": "AWS::EC2::VPCEndpoint",
    },
    "VpcStsEndpointF89E8173": {
      "Properties": {
        "PrivateDnsEnabled": true,
        "SecurityGroupIds": [
          {
            "Fn::GetAtt": [
              "EndpointSecurityGroupF840B798",
              "GroupId",
            ],
          },
        ],
        "ServiceName": "com.amazonaws.eu-west-1.sts",
        "SubnetIds": [
          {
            "Ref": "VpcprivateSubnet1SubnetCEAD3716",
          },
          {
            "Ref": "VpcprivateSubnet2Subnet2DE7549C",
          },
          {
            "Ref": "VpcprivateSubnet3SubnetA5AC68D9",
          },
        ],
        "Tags": [
          {
            "Key": "Name",
            "Value": "TestVpcStack/Vpc",
          },
        ],
        "VpcEndpointType": "Interface",
        "VpcId": {
          "Ref": "Vpc8378EB38",
        },
      },
      "Type": "AWS::EC2::VPCEndpoint",
    },
    "VpcVPCGWBF912B6E": {
      "Properties": {
        "InternetGatewayId": {
          "Ref": "VpcIGWD7BA715C",
        },
        "VpcId": {
          "Ref": "Vpc8378EB38",
        },
      },
      "Type": "AWS::EC2::VPCGatewayAttachment",
    },
    "VpcprivateSubnet1RouteTable1979EACB": {
      "Properties": {
        "Tags": [
          {
            "Key": "Name",
            "Value": "TestVpcStack/Vpc/privateSubnet1",
          },
        ],
        "VpcId": {
          "Ref": "Vpc8378EB38",
        },
      },
      "Type": "AWS::EC2::RouteTable",
    },
    "VpcprivateSubnet1RouteTableAssociationEEBD93CE": {
      "Properties": {
        "RouteTableId": {
          "Ref": "VpcprivateSubnet1RouteTable1979EACB",
        },
        "SubnetId": {
          "Ref": "VpcprivateSubnet1SubnetCEAD3716",
        },
      },
      "Type": "AWS::EC2::SubnetRouteTableAssociation",
    },
    "VpcprivateSubnet1SubnetCEAD3716": {
      "Properties": {
        "AvailabilityZone": "dummy1a",
        "CidrBlock": "10.0.16.0/20",
        "MapPublicIpOnLaunch": false,
        "Tags": [
          {
            "Key": "aws-cdk:subnet-name",
            "Value": "private",
          },
          {
            "Key": "aws-cdk:subnet-type",
            "Value": "Isolated",
          },
          {
            "Key": "Name",
            "Value": "TestVpcStack/Vpc/privateSubnet1",
          },
        ],
        "VpcId": {
          "Ref": "Vpc8378EB38",
        },
      },
      "Type": "AWS::EC2::Subnet",
    },
    "VpcprivateSubnet2RouteTable4D0FFC8C": {
      "Properties": {
        "Tags": [
          {
            "Key": "Name",
            "Value": "TestVpcStack/Vpc/privateSubnet2",
          },
        ],
        "VpcId": {
          "Ref": "Vpc8378EB38",
        },
      },
      "Type": "AWS::EC2::RouteTable",
    },
    "VpcprivateSubnet2RouteTableAssociationB691E645": {
      "Properties": {
        "RouteTableId": {
          "Ref": "VpcprivateSubnet2RouteTable4D0FFC8C",
        },
        "SubnetId": {
          "Ref": "VpcprivateSubnet2Subnet2DE7549C",
        },
      },
      "Type": "AWS::EC2::SubnetRouteTableAssociation",
    },
    "VpcprivateSubnet2Subnet2DE7549C": {
      "Properties": {
        "AvailabilityZone": "dummy1b",
        "CidrBlock": "10.0.32.0/20",
        "MapPublicIpOnLaunch": false,
        "Tags": [
          {
            "Key": "aws-cdk:subnet-name",
            "Value": "private",
          },
          {
            "Key": "aws-cdk:subnet-type",
            "Value": "Isolated",
          },
          {
            "Key": "Name",
            "Value": "TestVpcStack/Vpc/privateSubnet2",
          },
        ],
        "VpcId": {
          "Ref": "Vpc8378EB38",
        },
      },
      "Type": "AWS::EC2::Subnet",
    },
    "VpcprivateSubnet3RouteTableAF0D9985": {
      "Properties": {
        "Tags": [
          {
            "Key": "Name",
            "Value": "TestVpcStack/Vpc/privateSubnet3",
          },
        ],
        "VpcId": {
          "Ref": "Vpc8378EB38",
        },
      },
      "Type": "AWS::EC2::RouteTable",
    },
    "VpcprivateSubnet3RouteTableAssociation88A12983": {
      "Properties": {
        "RouteTableId": {
          "Ref": "VpcprivateSubnet3RouteTableAF0D9985",
        },
        "SubnetId": {
          "Ref": "VpcprivateSubnet3SubnetA5AC68D9",
        },
      },
      "Type": "AWS::EC2::SubnetRouteTableAssociation",
    },
    "VpcprivateSubnet3SubnetA5AC68D9": {
      "Properties": {
        "AvailabilityZone": "dummy1c",
        "CidrBlock": "10.0.48.0/20",
        "MapPublicIpOnLaunch": false,
        "Tags": [
          {
            "Key": "aws-cdk:subnet-name",
            "Value": "private",
          },
          {
            "Key": "aws-cdk:subnet-type",
            "Value": "Isolated",
          },
          {
            "Key": "Name",
            "Value": "TestVpcStack/Vpc/privateSubnet3",
          },
        ],
        "VpcId": {
          "Ref": "Vpc8378EB38",
        },
      },
      "Type": "AWS::EC2::Subnet",
    },
    "VpcpublicSubnet1DefaultRouteB88F9E93": {
      "DependsOn": [
        "VpcVPCGWBF912B6E",
      ],
      "Properties": {
        "DestinationCidrBlock": "0.0.0.0/0",
        "GatewayId": {
          "Ref": "VpcIGWD7BA715C",
        },
        "RouteTableId": {
          "Ref": "VpcpublicSubnet1RouteTable15C15F8E",
        },
      },
      "Type": "AWS::EC2::Route",
    },
    "VpcpublicSubnet1RouteTable15C15F8E": {
      "Properties": {
        "Tags": [
          {
            "Key": "Name",
            "Value": "TestVpcStack/Vpc/publicSubnet1",
          },
        ],
        "VpcId": {
          "Ref": "Vpc8378EB38",
        },
      },
      "Type": "AWS::EC2::RouteTable",
    },
    "VpcpublicSubnet1RouteTableAssociation4E83B6E4": {
      "Properties": {
        "RouteTableId": {
          "Ref": "VpcpublicSubnet1RouteTable15C15F8E",
        },
        "SubnetId": {
          "Ref": "VpcpublicSubnet1Subnet2BB74ED7",
        },
      },
      "Type": "AWS::EC2::SubnetRouteTableAssociation",
    },
    "VpcpublicSubnet1Subnet2BB74ED7": {
      "Properties": {
        "AvailabilityZone": "dummy1a",
        "CidrBlock": "10.0.0.0/24",
        "MapPublicIpOnLaunch": false,
        "Tags": [
          {
            "Key": "aws-cdk:subnet-name",
            "Value": "public",
          },
          {
            "Key": "aws-cdk:subnet-type",
            "Value": "Public",
          },
          {
            "Key": "Name",
            "Value": "TestVpcStack/Vpc/publicSubnet1",
          },
        ],
        "VpcId": {
          "Ref": "Vpc8378EB38",
        },
      },
      "Type": "AWS::EC2::Subnet",
    },
    "VpcpublicSubnet2DefaultRoute732F0BEB": {
      "DependsOn": [
        "VpcVPCGWBF912B6E",
      ],
      "Properties": {
        "DestinationCidrBlock": "0.0.0.0/0",
        "GatewayId": {
          "Ref": "VpcIGWD7BA715C",
        },
        "RouteTableId": {
          "Ref": "VpcpublicSubnet2RouteTableC5A6DF77",
        },
      },
      "Type": "AWS::EC2::Route",
    },
    "VpcpublicSubnet2RouteTableAssociationCCE257FF": {
      "Properties": {
        "RouteTableId": {
          "Ref": "VpcpublicSubnet2RouteTableC5A6DF77",
        },
        "SubnetId": {
          "Ref": "VpcpublicSubnet2SubnetE34B022A",
        },
      },
      "Type": "AWS::EC2::SubnetRouteTableAssociation",
    },
    "VpcpublicSubnet2RouteTableC5A6DF77": {
      "Properties": {
        "Tags": [
          {
            "Key": "Name",
            "Value": "TestVpcStack/Vpc/publicSubnet2",
          },
        ],
        "VpcId": {
          "Ref": "Vpc8378EB38",
        },
      },
      "Type": "AWS::EC2::RouteTable",
    },
    "VpcpublicSubnet2SubnetE34B022A": {
      "Properties": {
        "AvailabilityZone": "dummy1b",
        "CidrBlock": "10.0.1.0/24",
        "MapPublicIpOnLaunch": false,
        "Tags": [
          {
            "Key": "aws-cdk:subnet-name",
            "Value": "public",
          },
          {
            "Key": "aws-cdk:subnet-type",
            "Value": "Public",
          },
          {
            "Key": "Name",
            "Value": "TestVpcStack/Vpc/publicSubnet2",
          },
        ],
        "VpcId": {
          "Ref": "Vpc8378EB38",
        },
      },
      "Type": "AWS::EC2::Subnet",
    },
    "VpcpublicSubnet3DefaultRouteA3904BF0": {
      "DependsOn": [
        "VpcVPCGWBF912B6E",
      ],
      "Properties": {
        "DestinationCidrBlock": "0.0.0.0/0",
        "GatewayId": {
          "Ref": "VpcIGWD7BA715C",
        },
        "RouteTableId": {
          "Ref": "VpcpublicSubnet3RouteTable80517A9C",
        },
      },
      "Type": "AWS::EC2::Route",
    },
    "VpcpublicSubnet3RouteTable80517A9C": {
      "Properties": {
        "Tags": [
          {
            "Key": "Name",
            "Value": "TestVpcStack/Vpc/publicSubnet3",
          },
        ],
        "VpcId": {
          "Ref": "Vpc8378EB38",
        },
      },
      "Type": "AWS::EC2::RouteTable",
    },
    "VpcpublicSubnet3RouteTableAssociation61C43F88": {
      "Properties": {
        "RouteTableId": {
          "Ref": "VpcpublicSubnet3RouteTable80517A9C",
        },
        "SubnetId": {
          "Ref": "VpcpublicSubnet3SubnetDFEF064A",
        },
      },
      "Type": "AWS::EC2::SubnetRouteTableAssociation",
    },
    "VpcpublicSubnet3SubnetDFEF064A": {
      "Properties": {
        "AvailabilityZone": "dummy1c",
        "CidrBlock": "10.0.2.0/24",
        "MapPublicIpOnLaunch": false,
        "Tags": [
          {
            "Key": "aws-cdk:subnet-name",
            "Value": "public",
          },
          {
            "Key": "aws-cdk:subnet-type",
            "Value": "Public",
          },
          {
            "Key": "Name",
            "Value": "TestVpcStack/Vpc/publicSubnet3",
          },
        ],
        "VpcId": {
          "Ref": "Vpc8378EB38",
        },
      },
      "Type": "AWS::EC2::Subnet",
    },
  },
  "Rules": {
    "CheckBootstrapVersion": {
      "Assertions": [
        {
          "Assert": {
            "Fn::Not": [
              {
                "Fn::Contains": [
                  [
                    "1",
                    "2",
                    "3",
                    "4",
                    "5",
                  ],
                  {
                    "Ref": "BootstrapVersion",
                  },
                ],
              },
            ],
          },
          "AssertDescription": "CDK bootstrap stack version 6 required. Please run 'cdk bootstrap' with a recent version of the CDK CLI.",
        },
      ],
    },
  },
}
`;
